--------------------------------------------------------------------------------
Release 14.7 Trace  (nt)
Copyright (c) 1995-2013 Xilinx, Inc.  All rights reserved.

C:\Xilinx\14.7\ISE_DS\ISE\bin\nt\unwrapped\trce.exe -intstyle ise -v 3 -s 4 -n
3 -fastpaths -xml main_scheme.twx main_scheme.ncd -o main_scheme.twr
main_scheme.pcf -ucf GenIO.ucf

Design file:              main_scheme.ncd
Physical constraint file: main_scheme.pcf
Device,package,speed:     xc3s500e,fg320,-4 (PRODUCTION 1.27 2013-10-13)
Report level:             verbose report

Environment Variable      Effect 
--------------------      ------ 
NONE                      No environment variables were set
--------------------------------------------------------------------------------

INFO:Timing:3412 - To improve timing, see the Timing Closure User Guide (UG612).
INFO:Timing:2752 - To get complete path coverage, use the unconstrained paths 
   option. All paths that are not constrained will be reported in the 
   unconstrained paths section(s) of the report.
INFO:Timing:3339 - The clock-to-out numbers in this timing report are based on 
   a 50 Ohm transmission line loading model.  For the details of this model, 
   and for more information on accounting for different loading conditions, 
   please see the device datasheet.
INFO:Timing:3390 - This architecture does not support a default System Jitter 
   value, please add SYSTEM_JITTER constraint to the UCF to modify the Clock 
   Uncertainty calculation.
INFO:Timing:3389 - This architecture does not support 'Discrete Jitter' and 
   'Phase Error' calculations, these terms will be zero in the Clock 
   Uncertainty calculation.  Please make appropriate modification to 
   SYSTEM_JITTER to account for the unsupported Discrete Jitter and Phase 
   Error.

================================================================================
Timing constraint: NET "CLK_BUFGP/IBUFG" PERIOD = 20 ns HIGH 50%;
For more information, see Period Analysis in the Timing Closure User Guide (UG612).

 1 path analyzed, 1 endpoint analyzed, 0 failing endpoints
 0 timing errors detected. (0 setup errors, 0 hold errors, 0 component switching limit errors)
 Minimum period is   2.223ns.
--------------------------------------------------------------------------------

Paths for end point XLXI_1/clk25 (SLICE_X25Y91.SR), 1 path
--------------------------------------------------------------------------------
Slack (setup path):     17.777ns (requirement - (data path - clock path skew + uncertainty))
  Source:               XLXI_1/clk25 (FF)
  Destination:          XLXI_1/clk25 (FF)
  Requirement:          20.000ns
  Data Path Delay:      2.223ns (Levels of Logic = 0)
  Clock Path Skew:      0.000ns
  Source Clock:         CLK_BUFGP rising at 0.000ns
  Destination Clock:    CLK_BUFGP rising at 20.000ns
  Clock Uncertainty:    0.000ns

  Maximum Data Path: XLXI_1/clk25 to XLXI_1/clk25
    Location             Delay type         Delay(ns)  Physical Resource
                                                       Logical Resource(s)
    -------------------------------------------------  -------------------
    SLICE_X25Y91.YQ      Tcko                  0.587   XLXI_1/clk251
                                                       XLXI_1/clk25
    SLICE_X25Y91.SR      net (fanout=2)        0.726   XLXI_1/clk251
    SLICE_X25Y91.CLK     Tsrck                 0.910   XLXI_1/clk251
                                                       XLXI_1/clk25
    -------------------------------------------------  ---------------------------
    Total                                      2.223ns (1.497ns logic, 0.726ns route)
                                                       (67.3% logic, 32.7% route)

--------------------------------------------------------------------------------

Hold Paths: NET "CLK_BUFGP/IBUFG" PERIOD = 20 ns HIGH 50%;
--------------------------------------------------------------------------------

Paths for end point XLXI_1/clk25 (SLICE_X25Y91.SR), 1 path
--------------------------------------------------------------------------------
Slack (hold path):      1.542ns (requirement - (clock path skew + uncertainty - data path))
  Source:               XLXI_1/clk25 (FF)
  Destination:          XLXI_1/clk25 (FF)
  Requirement:          0.000ns
  Data Path Delay:      1.542ns (Levels of Logic = 0)
  Clock Path Skew:      0.000ns
  Source Clock:         CLK_BUFGP rising at 20.000ns
  Destination Clock:    CLK_BUFGP rising at 20.000ns
  Clock Uncertainty:    0.000ns

  Minimum Data Path: XLXI_1/clk25 to XLXI_1/clk25
    Location             Delay type         Delay(ns)  Physical Resource
                                                       Logical Resource(s)
    -------------------------------------------------  -------------------
    SLICE_X25Y91.YQ      Tcko                  0.470   XLXI_1/clk251
                                                       XLXI_1/clk25
    SLICE_X25Y91.SR      net (fanout=2)        0.581   XLXI_1/clk251
    SLICE_X25Y91.CLK     Tcksr       (-Th)    -0.491   XLXI_1/clk251
                                                       XLXI_1/clk25
    -------------------------------------------------  ---------------------------
    Total                                      1.542ns (0.961ns logic, 0.581ns route)
                                                       (62.3% logic, 37.7% route)

--------------------------------------------------------------------------------

Component Switching Limit Checks: NET "CLK_BUFGP/IBUFG" PERIOD = 20 ns HIGH 50%;
--------------------------------------------------------------------------------
Slack: 18.404ns (period - (min low pulse limit / (low pulse / period)))
  Period: 20.000ns
  Low pulse: 10.000ns
  Low pulse limit: 0.798ns (Tcl)
  Physical resource: XLXI_1/clk251/CLK
  Logical resource: XLXI_1/clk25/CK
  Location pin: SLICE_X25Y91.CLK
  Clock network: CLK_BUFGP
--------------------------------------------------------------------------------
Slack: 18.404ns (period - (min high pulse limit / (high pulse / period)))
  Period: 20.000ns
  High pulse: 10.000ns
  High pulse limit: 0.798ns (Tch)
  Physical resource: XLXI_1/clk251/CLK
  Logical resource: XLXI_1/clk25/CK
  Location pin: SLICE_X25Y91.CLK
  Clock network: CLK_BUFGP
--------------------------------------------------------------------------------
Slack: 18.404ns (period - min period limit)
  Period: 20.000ns
  Min period limit: 1.596ns (626.566MHz) (Tcp)
  Physical resource: XLXI_1/clk251/CLK
  Logical resource: XLXI_1/clk25/CK
  Location pin: SLICE_X25Y91.CLK
  Clock network: CLK_BUFGP
--------------------------------------------------------------------------------


All constraints were met.


Data Sheet report:
-----------------
All values displayed in nanoseconds (ns)

Clock to Setup on destination clock CLK
---------------+---------+---------+---------+---------+
               | Src:Rise| Src:Fall| Src:Rise| Src:Fall|
Source Clock   |Dest:Rise|Dest:Rise|Dest:Fall|Dest:Fall|
---------------+---------+---------+---------+---------+
CLK            |    2.223|         |         |         |
---------------+---------+---------+---------+---------+


Timing summary:
---------------

Timing errors: 0  Score: 0  (Setup/Max: 0, Hold: 0)

Constraints cover 1 paths, 0 nets, and 3 connections

Design statistics:
   Minimum period:   2.223ns{1}   (Maximum frequency: 449.843MHz)


------------------------------------Footnotes-----------------------------------
1)  The minimum period statistic assumes all single cycle delays.

Analysis completed Tue Mar 19 13:53:47 2019 
--------------------------------------------------------------------------------

Trace Settings:
-------------------------
Trace Settings 

Peak Memory Usage: 115 MB



